                                      1 ;--------------------------------------------------------
                                      2 ; File Created by SDCC : free open source ANSI-C Compiler
                                      3 ; Version 4.0.7 #12016 (MINGW64)
                                      4 ;--------------------------------------------------------
                                      5 	.module srcfile_3
                                      6 	.optsdcc -mgbz80
                                      7 	
                                      8 ;--------------------------------------------------------
                                      9 ; Public variables in this module
                                     10 ;--------------------------------------------------------
                                     11 	.globl _big_const_3
                                     12 	.globl b_func_3
                                     13 	.globl _func_3
                                     14 	.globl _printf
                                     15 	.globl _some_const_var_3
                                     16 	.globl ___bank_srcfile3
                                     17 ;--------------------------------------------------------
                                     18 ; special function registers
                                     19 ;--------------------------------------------------------
                                     20 ;--------------------------------------------------------
                                     21 ; ram data
                                     22 ;--------------------------------------------------------
                                     23 	.area _DATA
                                     24 ;--------------------------------------------------------
                                     25 ; absolute external ram data
                                     26 ;--------------------------------------------------------
                                     27 	.area _DABS (ABS)
                                     28 ;--------------------------------------------------------
                                     29 ; global & static initialisations
                                     30 ;--------------------------------------------------------
                                     31 	.area _HOME
                                     32 	.area _GSINIT
                                     33 	.area _GSFINAL
                                     34 	.area _GSINIT
                                     35 ;--------------------------------------------------------
                                     36 ; Home
                                     37 ;--------------------------------------------------------
                                     38 	.area _HOME
                                     39 	.area _HOME
                                     40 ;--------------------------------------------------------
                                     41 ; code
                                     42 ;--------------------------------------------------------
                                     43 	.area _CODE_255
                                     44 ;srcfile_3.c:11: void func_3() BANKED
                                     45 ;	---------------------------------
                                     46 ; Function func_3
                                     47 ; ---------------------------------
                           0000FF    48 	b_func_3	= 255
      000000                         49 _func_3::
                                     50 ;srcfile_3.c:13: printf("Func3 in ROM bank %u\n", _current_bank);
      000000 F0r00                   51 	ldh	a, (__current_bank+0)
      000002 4F                      52 	ld	c, a
      000003 06 00                   53 	ld	b, #0x00
      000005 C5                      54 	push	bc
      000006 21r11r00                55 	ld	hl, #___str_0
      000009 E5                      56 	push	hl
      00000A CDr00r00                57 	call	_printf
      00000D E8 04                   58 	add	sp, #4
                                     59 ;srcfile_3.c:14: }
      00000F C9                      60 	ret
                           0000FF    61 ___bank_srcfile3	=	0x00ff
      000010                         62 _some_const_var_3:
      000010 03                      63 	.db #0x03	; 3
      000011                         64 ___str_0:
      000011 46 75 6E 63 33 20 69    65 	.ascii "Func3 in ROM bank %u"
             6E 20 52 4F 4D 20 62
             61 6E 6B 20 25 75
      000025 0A                      66 	.db 0x0a
      000026 00                      67 	.db 0x00
                                     68 	.area _CODE_255
      000027                         69 _big_const_3:
      000027 01                      70 	.db #0x01	; 1
      000028 01                      71 	.db #0x01	; 1
      000029 01                      72 	.db #0x01	; 1
      00002A 01                      73 	.db #0x01	; 1
      00002B 01                      74 	.db #0x01	; 1
      00002C 01                      75 	.db #0x01	; 1
      00002D 01                      76 	.db #0x01	; 1
      00002E 01                      77 	.db #0x01	; 1
      00002F 01                      78 	.db #0x01	; 1
      000030 01                      79 	.db #0x01	; 1
      000031 01                      80 	.db #0x01	; 1
      000032 01                      81 	.db #0x01	; 1
      000033 01                      82 	.db #0x01	; 1
      000034 01                      83 	.db #0x01	; 1
      000035 01                      84 	.db #0x01	; 1
      000036 01                      85 	.db #0x01	; 1
      000037 01                      86 	.db #0x01	; 1
      000038 01                      87 	.db #0x01	; 1
      000039 01                      88 	.db #0x01	; 1
      00003A 01                      89 	.db #0x01	; 1
      00003B 01                      90 	.db #0x01	; 1
      00003C 01                      91 	.db #0x01	; 1
      00003D 01                      92 	.db #0x01	; 1
      00003E 01                      93 	.db #0x01	; 1
      00003F 01                      94 	.db #0x01	; 1
      000040 01                      95 	.db #0x01	; 1
      000041 01                      96 	.db #0x01	; 1
      000042 01                      97 	.db #0x01	; 1
      000043 01                      98 	.db #0x01	; 1
      000044 01                      99 	.db #0x01	; 1
      000045 01                     100 	.db #0x01	; 1
      000046 01                     101 	.db #0x01	; 1
      000047 01                     102 	.db #0x01	; 1
      000048 01                     103 	.db #0x01	; 1
      000049 01                     104 	.db #0x01	; 1
      00004A 01                     105 	.db #0x01	; 1
      00004B 01                     106 	.db #0x01	; 1
      00004C 01                     107 	.db #0x01	; 1
      00004D 01                     108 	.db #0x01	; 1
      00004E 01                     109 	.db #0x01	; 1
      00004F 01                     110 	.db #0x01	; 1
      000050 01                     111 	.db #0x01	; 1
      000051 01                     112 	.db #0x01	; 1
      000052 01                     113 	.db #0x01	; 1
      000053 01                     114 	.db #0x01	; 1
      000054 01                     115 	.db #0x01	; 1
      000055 01                     116 	.db #0x01	; 1
      000056 01                     117 	.db #0x01	; 1
      000057 01                     118 	.db #0x01	; 1
      000058 01                     119 	.db #0x01	; 1
      000059 01                     120 	.db #0x01	; 1
      00005A 01                     121 	.db #0x01	; 1
      00005B 01                     122 	.db #0x01	; 1
      00005C 01                     123 	.db #0x01	; 1
      00005D 01                     124 	.db #0x01	; 1
      00005E 01                     125 	.db #0x01	; 1
      00005F 01                     126 	.db #0x01	; 1
      000060 01                     127 	.db #0x01	; 1
      000061 01                     128 	.db #0x01	; 1
      000062 01                     129 	.db #0x01	; 1
      000063 01                     130 	.db #0x01	; 1
      000064 01                     131 	.db #0x01	; 1
      000065 01                     132 	.db #0x01	; 1
      000066 01                     133 	.db #0x01	; 1
      000067 01                     134 	.db #0x01	; 1
      000068 01                     135 	.db #0x01	; 1
      000069 01                     136 	.db #0x01	; 1
      00006A 01                     137 	.db #0x01	; 1
      00006B 01                     138 	.db #0x01	; 1
      00006C 01                     139 	.db #0x01	; 1
      00006D 01                     140 	.db #0x01	; 1
      00006E 01                     141 	.db #0x01	; 1
      00006F 01                     142 	.db #0x01	; 1
      000070 01                     143 	.db #0x01	; 1
      000071 01                     144 	.db #0x01	; 1
      000072 01                     145 	.db #0x01	; 1
      000073 01                     146 	.db #0x01	; 1
      000074 01                     147 	.db #0x01	; 1
      000075 01                     148 	.db #0x01	; 1
      000076 01                     149 	.db #0x01	; 1
      000077 01                     150 	.db #0x01	; 1
      000078 01                     151 	.db #0x01	; 1
      000079 01                     152 	.db #0x01	; 1
      00007A 01                     153 	.db #0x01	; 1
      00007B 01                     154 	.db #0x01	; 1
      00007C 01                     155 	.db #0x01	; 1
      00007D 01                     156 	.db #0x01	; 1
      00007E 01                     157 	.db #0x01	; 1
      00007F 01                     158 	.db #0x01	; 1
      000080 01                     159 	.db #0x01	; 1
      000081 01                     160 	.db #0x01	; 1
      000082 01                     161 	.db #0x01	; 1
      000083 01                     162 	.db #0x01	; 1
      000084 01                     163 	.db #0x01	; 1
      000085 01                     164 	.db #0x01	; 1
      000086 01                     165 	.db #0x01	; 1
      000087 01                     166 	.db #0x01	; 1
      000088 01                     167 	.db #0x01	; 1
      000089 01                     168 	.db #0x01	; 1
      00008A 01                     169 	.db #0x01	; 1
      00008B 01                     170 	.db #0x01	; 1
      00008C 01                     171 	.db #0x01	; 1
      00008D 01                     172 	.db #0x01	; 1
      00008E 01                     173 	.db #0x01	; 1
      00008F 01                     174 	.db #0x01	; 1
      000090 01                     175 	.db #0x01	; 1
      000091 01                     176 	.db #0x01	; 1
      000092 01                     177 	.db #0x01	; 1
      000093 01                     178 	.db #0x01	; 1
      000094 01                     179 	.db #0x01	; 1
      000095 01                     180 	.db #0x01	; 1
      000096 01                     181 	.db #0x01	; 1
      000097 01                     182 	.db #0x01	; 1
      000098 01                     183 	.db #0x01	; 1
      000099 01                     184 	.db #0x01	; 1
      00009A 01                     185 	.db #0x01	; 1
      00009B 01                     186 	.db #0x01	; 1
      00009C 01                     187 	.db #0x01	; 1
      00009D 01                     188 	.db #0x01	; 1
      00009E 01                     189 	.db #0x01	; 1
      00009F 01                     190 	.db #0x01	; 1
      0000A0 01                     191 	.db #0x01	; 1
      0000A1 01                     192 	.db #0x01	; 1
      0000A2 01                     193 	.db #0x01	; 1
      0000A3 01                     194 	.db #0x01	; 1
      0000A4 01                     195 	.db #0x01	; 1
      0000A5 01                     196 	.db #0x01	; 1
      0000A6 01                     197 	.db #0x01	; 1
      0000A7 01                     198 	.db #0x01	; 1
      0000A8 01                     199 	.db #0x01	; 1
      0000A9 01                     200 	.db #0x01	; 1
      0000AA 01                     201 	.db #0x01	; 1
      0000AB 01                     202 	.db #0x01	; 1
      0000AC 01                     203 	.db #0x01	; 1
      0000AD 01                     204 	.db #0x01	; 1
      0000AE 01                     205 	.db #0x01	; 1
      0000AF 01                     206 	.db #0x01	; 1
      0000B0 01                     207 	.db #0x01	; 1
      0000B1 01                     208 	.db #0x01	; 1
      0000B2 01                     209 	.db #0x01	; 1
      0000B3 01                     210 	.db #0x01	; 1
      0000B4 01                     211 	.db #0x01	; 1
      0000B5 01                     212 	.db #0x01	; 1
      0000B6 01                     213 	.db #0x01	; 1
      0000B7 01                     214 	.db #0x01	; 1
      0000B8 01                     215 	.db #0x01	; 1
      0000B9 01                     216 	.db #0x01	; 1
      0000BA 01                     217 	.db #0x01	; 1
      0000BB 01                     218 	.db #0x01	; 1
      0000BC 01                     219 	.db #0x01	; 1
      0000BD 01                     220 	.db #0x01	; 1
      0000BE 01                     221 	.db #0x01	; 1
      0000BF 01                     222 	.db #0x01	; 1
      0000C0 01                     223 	.db #0x01	; 1
      0000C1 01                     224 	.db #0x01	; 1
      0000C2 01                     225 	.db #0x01	; 1
      0000C3 01                     226 	.db #0x01	; 1
      0000C4 01                     227 	.db #0x01	; 1
      0000C5 01                     228 	.db #0x01	; 1
      0000C6 01                     229 	.db #0x01	; 1
      0000C7 01                     230 	.db #0x01	; 1
      0000C8 01                     231 	.db #0x01	; 1
      0000C9 01                     232 	.db #0x01	; 1
      0000CA 01                     233 	.db #0x01	; 1
      0000CB 01                     234 	.db #0x01	; 1
      0000CC 01                     235 	.db #0x01	; 1
      0000CD 01                     236 	.db #0x01	; 1
      0000CE 01                     237 	.db #0x01	; 1
      0000CF 01                     238 	.db #0x01	; 1
      0000D0 01                     239 	.db #0x01	; 1
      0000D1 01                     240 	.db #0x01	; 1
      0000D2 01                     241 	.db #0x01	; 1
      0000D3 01                     242 	.db #0x01	; 1
      0000D4 01                     243 	.db #0x01	; 1
      0000D5 01                     244 	.db #0x01	; 1
      0000D6 01                     245 	.db #0x01	; 1
      0000D7 01                     246 	.db #0x01	; 1
      0000D8 01                     247 	.db #0x01	; 1
      0000D9 01                     248 	.db #0x01	; 1
      0000DA 01                     249 	.db #0x01	; 1
      0000DB 01                     250 	.db #0x01	; 1
      0000DC 01                     251 	.db #0x01	; 1
      0000DD 01                     252 	.db #0x01	; 1
      0000DE 01                     253 	.db #0x01	; 1
      0000DF 01                     254 	.db #0x01	; 1
      0000E0 01                     255 	.db #0x01	; 1
      0000E1 01                     256 	.db #0x01	; 1
      0000E2 01                     257 	.db #0x01	; 1
      0000E3 01                     258 	.db #0x01	; 1
      0000E4 01                     259 	.db #0x01	; 1
      0000E5 01                     260 	.db #0x01	; 1
      0000E6 01                     261 	.db #0x01	; 1
      0000E7 01                     262 	.db #0x01	; 1
      0000E8 01                     263 	.db #0x01	; 1
      0000E9 01                     264 	.db #0x01	; 1
      0000EA 01                     265 	.db #0x01	; 1
      0000EB 01                     266 	.db #0x01	; 1
      0000EC 01                     267 	.db #0x01	; 1
      0000ED 01                     268 	.db #0x01	; 1
      0000EE 01                     269 	.db #0x01	; 1
      0000EF 01                     270 	.db #0x01	; 1
      0000F0 01                     271 	.db #0x01	; 1
      0000F1 01                     272 	.db #0x01	; 1
      0000F2 01                     273 	.db #0x01	; 1
      0000F3 01                     274 	.db #0x01	; 1
      0000F4 01                     275 	.db #0x01	; 1
      0000F5 01                     276 	.db #0x01	; 1
      0000F6 01                     277 	.db #0x01	; 1
      0000F7 01                     278 	.db #0x01	; 1
      0000F8 01                     279 	.db #0x01	; 1
      0000F9 01                     280 	.db #0x01	; 1
      0000FA 01                     281 	.db #0x01	; 1
      0000FB 01                     282 	.db #0x01	; 1
      0000FC 01                     283 	.db #0x01	; 1
      0000FD 01                     284 	.db #0x01	; 1
      0000FE 01                     285 	.db #0x01	; 1
      0000FF 01                     286 	.db #0x01	; 1
      000100 01                     287 	.db #0x01	; 1
      000101 01                     288 	.db #0x01	; 1
      000102 01                     289 	.db #0x01	; 1
      000103 01                     290 	.db #0x01	; 1
      000104 01                     291 	.db #0x01	; 1
      000105 01                     292 	.db #0x01	; 1
      000106 01                     293 	.db #0x01	; 1
      000107 01                     294 	.db #0x01	; 1
      000108 01                     295 	.db #0x01	; 1
      000109 01                     296 	.db #0x01	; 1
      00010A 01                     297 	.db #0x01	; 1
      00010B 01                     298 	.db #0x01	; 1
      00010C 01                     299 	.db #0x01	; 1
      00010D 01                     300 	.db #0x01	; 1
      00010E 01                     301 	.db #0x01	; 1
      00010F 01                     302 	.db #0x01	; 1
      000110 01                     303 	.db #0x01	; 1
      000111 01                     304 	.db #0x01	; 1
      000112 01                     305 	.db #0x01	; 1
      000113 01                     306 	.db #0x01	; 1
      000114 01                     307 	.db #0x01	; 1
      000115 01                     308 	.db #0x01	; 1
      000116 01                     309 	.db #0x01	; 1
      000117 01                     310 	.db #0x01	; 1
      000118 01                     311 	.db #0x01	; 1
      000119 01                     312 	.db #0x01	; 1
      00011A 01                     313 	.db #0x01	; 1
      00011B 01                     314 	.db #0x01	; 1
      00011C 01                     315 	.db #0x01	; 1
      00011D 01                     316 	.db #0x01	; 1
      00011E 01                     317 	.db #0x01	; 1
      00011F 01                     318 	.db #0x01	; 1
      000120 01                     319 	.db #0x01	; 1
      000121 01                     320 	.db #0x01	; 1
      000122 01                     321 	.db #0x01	; 1
      000123 01                     322 	.db #0x01	; 1
      000124 01                     323 	.db #0x01	; 1
      000125 01                     324 	.db #0x01	; 1
      000126 01                     325 	.db #0x01	; 1
                                    326 	.area _CABS (ABS)
