                                      1 ;--------------------------------------------------------
                                      2 ; File Created by SDCC : free open source ANSI-C Compiler
                                      3 ; Version 4.0.7 #12016 (MINGW64)
                                      4 ;--------------------------------------------------------
                                      5 	.module bank_2
                                      6 	.optsdcc -mgbz80
                                      7 	
                                      8 ;--------------------------------------------------------
                                      9 ; Public variables in this module
                                     10 ;--------------------------------------------------------
                                     11 	.globl b_bank_2
                                     12 	.globl _bank_2
                                     13 	.globl _puts
                                     14 	.globl _var_2
                                     15 ;--------------------------------------------------------
                                     16 ; special function registers
                                     17 ;--------------------------------------------------------
                                     18 ;--------------------------------------------------------
                                     19 ; ram data
                                     20 ;--------------------------------------------------------
                                     21 	.area _DATA_2
      000000                         22 _var_2::
      000000                         23 	.ds 2
                                     24 ;--------------------------------------------------------
                                     25 ; absolute external ram data
                                     26 ;--------------------------------------------------------
                                     27 	.area _DABS (ABS)
                                     28 ;--------------------------------------------------------
                                     29 ; global & static initialisations
                                     30 ;--------------------------------------------------------
                                     31 	.area _HOME
                                     32 	.area _GSINIT
                                     33 	.area _GSFINAL
                                     34 	.area _GSINIT
                                     35 ;--------------------------------------------------------
                                     36 ; Home
                                     37 ;--------------------------------------------------------
                                     38 	.area _HOME
                                     39 	.area _HOME
                                     40 ;--------------------------------------------------------
                                     41 ; code
                                     42 ;--------------------------------------------------------
                                     43 	.area _CODE_2
                                     44 ;bank_2.c:6: void bank_2() BANKED /* In ROM bank 2 */
                                     45 ;	---------------------------------
                                     46 ; Function bank_2
                                     47 ; ---------------------------------
                           000002    48 	b_bank_2	= 2
      000000                         49 _bank_2::
                                     50 ;bank_2.c:8: puts("I'm in ROM bank 2");
      000000 21r0Ar00                51 	ld	hl, #___str_0
      000003 E5                      52 	push	hl
      000004 CDr00r00                53 	call	_puts
      000007 E8 02                   54 	add	sp, #2
                                     55 ;bank_2.c:9: }
      000009 C9                      56 	ret
      00000A                         57 ___str_0:
      00000A 49 27 6D 20 69 6E 20    58 	.ascii "I'm in ROM bank 2"
             52 4F 4D 20 62 61 6E
             6B 20 32
      00001B 00                      59 	.db 0x00
                                     60 	.area _CODE_2
                                     61 	.area _CABS (ABS)
